%!Adobe-FontList 1.14
%Locale:0x409

%BeginFont
Handler:DirectoryHandler
FontType:Type1
FontName:Avenir-Heavy
FamilyName:Avenir
StyleName:85 Heavy
MenuName:Avenir 55 Roman
StyleBits:2
WeightClass:850
WidthClass:5
AngleClass:0
FullName:12 Avenir 85 Heavy   08173
WritingScript:Roman
OutlineFileName:\AveniHea
DataFormat:POSTResource
UsesStandardEncoding:yes
isCFF:no
FileLength:31693
FileModTime:928929418
DesignSize:-1
%EndFont

%BeginFont
Handler:DirectoryHandler
FontType:Type1
FontName:Avenir-Light
FamilyName:Avenir
StyleName:35 Light
MenuName:Avenir 35 Light
StyleBits:0
WeightClass:300
WidthClass:5
AngleClass:0
FullName:12 Avenir 35 Light   02173
WritingScript:Roman
OutlineFileName:\AveniLig
DataFormat:POSTResource
UsesStandardEncoding:yes
isCFF:no
FileLength:30056
FileModTime:928929424
DesignSize:-1
%EndFont

%BeginFont
Handler:DirectoryHandler
FontType:Type1
FontName:Avenir-Medium
FamilyName:Avenir
StyleName:65 Medium
MenuName:Avenir 65 Medium
StyleBits:0
WeightClass:500
WidthClass:5
AngleClass:0
FullName:12 Avenir 65 Medium   06173
WritingScript:Roman
OutlineFileName:\AveniMed
DataFormat:POSTResource
UsesStandardEncoding:yes
isCFF:no
FileLength:30967
FileModTime:928929450
DesignSize:-1
%EndFont

%BeginFont
Handler:DirectoryHandler
FontType:Suitcase
FontName:Avenir-Roman
OutlineFileName:\Avenir_1_Screen_Fonts
ResourceID:14680
MacStyle:0
FileLength:162176
FileModTime:928929420
%EndFont

%BeginFont
Handler:DirectoryHandler
FontType:Suitcase
FontName:Avenir-Heavy
OutlineFileName:\Avenir_1_Screen_Fonts
ResourceID:14680
MacStyle:1
FileLength:162176
FileModTime:928929420
%EndFont

%BeginFont
Handler:DirectoryHandler
FontType:Suitcase
FontName:Avenir-Oblique
OutlineFileName:\Avenir_1_Screen_Fonts
ResourceID:14680
MacStyle:2
FileLength:162176
FileModTime:928929420
%EndFont

%BeginFont
Handler:DirectoryHandler
FontType:Suitcase
FontName:Avenir-HeavyOblique
OutlineFileName:\Avenir_1_Screen_Fonts
ResourceID:14680
MacStyle:3
FileLength:162176
FileModTime:928929420
%EndFont

%BeginFont
Handler:DirectoryHandler
FontType:Suitcase
FontName:Avenir-Oblique
OutlineFileName:\Avenir_1_Screen_Fonts
ResourceID:14679
MacStyle:0
FileLength:162176
FileModTime:928929420
%EndFont

%BeginFont
Handler:DirectoryHandler
FontType:Suitcase
FontName:Avenir-HeavyOblique
OutlineFileName:\Avenir_1_Screen_Fonts
ResourceID:14679
MacStyle:1
FileLength:162176
FileModTime:928929420
%EndFont

%BeginFont
Handler:DirectoryHandler
FontType:Suitcase
FontName:Avenir-LightOblique
OutlineFileName:\Avenir_1_Screen_Fonts
ResourceID:14681
MacStyle:0
FileLength:162176
FileModTime:928929420
%EndFont

%BeginFont
Handler:DirectoryHandler
FontType:Suitcase
FontName:Avenir-Light
OutlineFileName:\Avenir_1_Screen_Fonts
ResourceID:14682
MacStyle:0
FileLength:162176
FileModTime:928929420
%EndFont

%BeginFont
Handler:DirectoryHandler
FontType:Suitcase
FontName:Avenir-LightOblique
OutlineFileName:\Avenir_1_Screen_Fonts
ResourceID:14682
MacStyle:2
FileLength:162176
FileModTime:928929420
%EndFont

%BeginFont
Handler:DirectoryHandler
FontType:Suitcase
FontName:Avenir-HeavyOblique
OutlineFileName:\Avenir_1_Screen_Fonts
ResourceID:14677
MacStyle:0
FileLength:162176
FileModTime:928929420
%EndFont

%BeginFont
Handler:DirectoryHandler
FontType:Suitcase
FontName:Avenir-Heavy
OutlineFileName:\Avenir_1_Screen_Fonts
ResourceID:14678
MacStyle:0
FileLength:162176
FileModTime:928929420
%EndFont

%BeginFont
Handler:DirectoryHandler
FontType:Suitcase
FontName:Avenir-HeavyOblique
OutlineFileName:\Avenir_1_Screen_Fonts
ResourceID:14678
MacStyle:2
FileLength:162176
FileModTime:928929420
%EndFont

%BeginFont
Handler:DirectoryHandler
FontType:Suitcase
FontName:Avenir-MediumOblique
OutlineFileName:\Avenir_2_Screen_Fonts
ResourceID:14673
MacStyle:0
FileLength:162176
FileModTime:928929438
%EndFont

%BeginFont
Handler:DirectoryHandler
FontType:Suitcase
FontName:Avenir-BlackOblique
OutlineFileName:\Avenir_2_Screen_Fonts
ResourceID:14673
MacStyle:1
FileLength:162176
FileModTime:928929438
%EndFont

%BeginFont
Handler:DirectoryHandler
FontType:Suitcase
FontName:Avenir-Medium
OutlineFileName:\Avenir_2_Screen_Fonts
ResourceID:14674
MacStyle:0
FileLength:162176
FileModTime:928929438
%EndFont

%BeginFont
Handler:DirectoryHandler
FontType:Suitcase
FontName:Avenir-Black
OutlineFileName:\Avenir_2_Screen_Fonts
ResourceID:14674
MacStyle:1
FileLength:162176
FileModTime:928929438
%EndFont

%BeginFont
Handler:DirectoryHandler
FontType:Suitcase
FontName:Avenir-MediumOblique
OutlineFileName:\Avenir_2_Screen_Fonts
ResourceID:14674
MacStyle:2
FileLength:162176
FileModTime:928929438
%EndFont

%BeginFont
Handler:DirectoryHandler
FontType:Suitcase
FontName:Avenir-BlackOblique
OutlineFileName:\Avenir_2_Screen_Fonts
ResourceID:14674
MacStyle:3
FileLength:162176
FileModTime:928929438
%EndFont

%BeginFont
Handler:DirectoryHandler
FontType:Suitcase
FontName:Avenir-BookOblique
OutlineFileName:\Avenir_2_Screen_Fonts
ResourceID:14675
MacStyle:0
FileLength:162176
FileModTime:928929438
%EndFont

%BeginFont
Handler:DirectoryHandler
FontType:Suitcase
FontName:Avenir-Book
OutlineFileName:\Avenir_2_Screen_Fonts
ResourceID:14676
MacStyle:0
FileLength:162176
FileModTime:928929438
%EndFont

%BeginFont
Handler:DirectoryHandler
FontType:Suitcase
FontName:Avenir-BookOblique
OutlineFileName:\Avenir_2_Screen_Fonts
ResourceID:14676
MacStyle:2
FileLength:162176
FileModTime:928929438
%EndFont

%BeginFont
Handler:DirectoryHandler
FontType:Suitcase
FontName:Avenir-BlackOblique
OutlineFileName:\Avenir_2_Screen_Fonts
ResourceID:14671
MacStyle:0
FileLength:162176
FileModTime:928929438
%EndFont

%BeginFont
Handler:DirectoryHandler
FontType:Suitcase
FontName:Avenir-Black
OutlineFileName:\Avenir_2_Screen_Fonts
ResourceID:14672
MacStyle:0
FileLength:162176
FileModTime:928929438
%EndFont

%BeginFont
Handler:DirectoryHandler
FontType:Suitcase
FontName:Avenir-BlackOblique
OutlineFileName:\Avenir_2_Screen_Fonts
ResourceID:14672
MacStyle:2
FileLength:162176
FileModTime:928929438
%EndFont

%BeginFont
Handler:DirectoryHandler
FontType:Type1
FontName:MinionPro-Regular
FamilyName:Minion Pro
StyleName:Regular
MenuName:Minion Pro
StyleBits:0
WeightClass:400
WidthClass:5
AngleClass:0
FullName:Minion Pro
WritingScript:Roman
OutlineFileName:\MinionPro-Regular.otf
DataFormat:sfntData
UsesStandardEncoding:yes
isCFF:yes
FileLength:217280
FileModTime:1353803852
DesignSize:110
%EndFont

